[debug] [2025-03-28T19:00:26.510Z] ----------------------------------------------------------------------
[debug] [2025-03-28T19:00:26.511Z] Command:       C:\Program Files\nodejs\node.exe C:\Users\Suyeon Park\AppData\Roaming\npm\node_modules\firebase-tools\lib\bin\firebase.js deploy
[debug] [2025-03-28T19:00:26.512Z] CLI Version:   13.35.1
[debug] [2025-03-28T19:00:26.512Z] Platform:      win32
[debug] [2025-03-28T19:00:26.512Z] Node Version:  v22.14.0
[debug] [2025-03-28T19:00:26.512Z] Time:          Fri Mar 28 2025 15:00:26 GMT-0400 (Eastern Daylight Time)
[debug] [2025-03-28T19:00:26.512Z] ----------------------------------------------------------------------
[debug] 
[debug] [2025-03-28T19:00:26.650Z] > command requires scopes: ["email","openid","https://www.googleapis.com/auth/cloudplatformprojects.readonly","https://www.googleapis.com/auth/firebase","https://www.googleapis.com/auth/cloud-platform"]
[debug] [2025-03-28T19:00:26.651Z] > authorizing via signed-in user (suyeon.park1216@gmail.com)
[debug] [2025-03-28T19:00:26.651Z] [iam] checking project aether-study-timer for permissions ["cloudfunctions.functions.create","cloudfunctions.functions.delete","cloudfunctions.functions.get","cloudfunctions.functions.list","cloudfunctions.functions.update","cloudfunctions.operations.get","firebase.projects.get","firebasedatabase.instances.update","firebasehosting.sites.update"]
[debug] [2025-03-28T19:00:26.651Z] Checked if tokens are valid: false, expires at: 1743137633706
[debug] [2025-03-28T19:00:26.651Z] Checked if tokens are valid: false, expires at: 1743137633706
[debug] [2025-03-28T19:00:26.652Z] > refreshing access token with scopes: []
[debug] [2025-03-28T19:00:26.653Z] >>> [apiv2][query] POST https://www.googleapis.com/oauth2/v3/token [none]
[debug] [2025-03-28T19:00:26.653Z] >>> [apiv2][body] POST https://www.googleapis.com/oauth2/v3/token [omitted]
[debug] [2025-03-28T19:00:26.815Z] <<< [apiv2][status] POST https://www.googleapis.com/oauth2/v3/token 200
[debug] [2025-03-28T19:00:26.815Z] <<< [apiv2][body] POST https://www.googleapis.com/oauth2/v3/token [omitted]
[debug] [2025-03-28T19:00:26.820Z] >>> [apiv2][query] POST https://cloudresourcemanager.googleapis.com/v1/projects/aether-study-timer:testIamPermissions [none]
[debug] [2025-03-28T19:00:26.820Z] >>> [apiv2][(partial)header] POST https://cloudresourcemanager.googleapis.com/v1/projects/aether-study-timer:testIamPermissions x-goog-quota-user=projects/aether-study-timer
[debug] [2025-03-28T19:00:26.821Z] >>> [apiv2][body] POST https://cloudresourcemanager.googleapis.com/v1/projects/aether-study-timer:testIamPermissions {"permissions":["cloudfunctions.functions.create","cloudfunctions.functions.delete","cloudfunctions.functions.get","cloudfunctions.functions.list","cloudfunctions.functions.update","cloudfunctions.operations.get","firebase.projects.get","firebasedatabase.instances.update","firebasehosting.sites.update"]}
[debug] [2025-03-28T19:00:27.086Z] <<< [apiv2][status] POST https://cloudresourcemanager.googleapis.com/v1/projects/aether-study-timer:testIamPermissions 200
[debug] [2025-03-28T19:00:27.086Z] <<< [apiv2][body] POST https://cloudresourcemanager.googleapis.com/v1/projects/aether-study-timer:testIamPermissions {"permissions":["cloudfunctions.functions.create","cloudfunctions.functions.delete","cloudfunctions.functions.get","cloudfunctions.functions.list","cloudfunctions.functions.update","cloudfunctions.operations.get","firebase.projects.get","firebasedatabase.instances.update","firebasehosting.sites.update"]}
[debug] [2025-03-28T19:00:27.087Z] Checked if tokens are valid: true, expires at: 1743192025815
[debug] [2025-03-28T19:00:27.087Z] Checked if tokens are valid: true, expires at: 1743192025815
[debug] [2025-03-28T19:00:27.087Z] >>> [apiv2][query] POST https://iam.googleapis.com/v1/projects/aether-study-timer/serviceAccounts/aether-study-timer@appspot.gserviceaccount.com:testIamPermissions [none]
[debug] [2025-03-28T19:00:27.087Z] >>> [apiv2][body] POST https://iam.googleapis.com/v1/projects/aether-study-timer/serviceAccounts/aether-study-timer@appspot.gserviceaccount.com:testIamPermissions {"permissions":["iam.serviceAccounts.actAs"]}
[debug] [2025-03-28T19:00:27.385Z] <<< [apiv2][status] POST https://iam.googleapis.com/v1/projects/aether-study-timer/serviceAccounts/aether-study-timer@appspot.gserviceaccount.com:testIamPermissions 200
[debug] [2025-03-28T19:00:27.385Z] <<< [apiv2][body] POST https://iam.googleapis.com/v1/projects/aether-study-timer/serviceAccounts/aether-study-timer@appspot.gserviceaccount.com:testIamPermissions {"permissions":["iam.serviceAccounts.actAs"]}
[debug] [2025-03-28T19:00:27.386Z] Checked if tokens are valid: true, expires at: 1743192025815
[debug] [2025-03-28T19:00:27.386Z] Checked if tokens are valid: true, expires at: 1743192025815
[debug] [2025-03-28T19:00:27.386Z] >>> [apiv2][query] GET https://firebase.googleapis.com/v1beta1/projects/aether-study-timer [none]
[debug] [2025-03-28T19:00:27.673Z] <<< [apiv2][status] GET https://firebase.googleapis.com/v1beta1/projects/aether-study-timer 200
[debug] [2025-03-28T19:00:27.673Z] <<< [apiv2][body] GET https://firebase.googleapis.com/v1beta1/projects/aether-study-timer {"projectId":"aether-study-timer","projectNumber":"796174542129","displayName":"Aether Study Timer","name":"projects/aether-study-timer","resources":{"hostingSite":"aether-study-timer","realtimeDatabaseInstance":"aether-study-timer-default-rtdb"},"state":"ACTIVE","etag":"1_28d61318-baa1-421f-b336-a1bf736aaec0"}
[debug] [2025-03-28T19:00:27.673Z] Checked if tokens are valid: true, expires at: 1743192025815
[debug] [2025-03-28T19:00:27.673Z] Checked if tokens are valid: true, expires at: 1743192025815
[debug] [2025-03-28T19:00:27.673Z] >>> [apiv2][query] GET https://firebase.googleapis.com/v1beta1/projects/aether-study-timer [none]
[debug] [2025-03-28T19:00:28.100Z] <<< [apiv2][status] GET https://firebase.googleapis.com/v1beta1/projects/aether-study-timer 200
[debug] [2025-03-28T19:00:28.100Z] <<< [apiv2][body] GET https://firebase.googleapis.com/v1beta1/projects/aether-study-timer {"projectId":"aether-study-timer","projectNumber":"796174542129","displayName":"Aether Study Timer","name":"projects/aether-study-timer","resources":{"hostingSite":"aether-study-timer","realtimeDatabaseInstance":"aether-study-timer-default-rtdb"},"state":"ACTIVE","etag":"1_28d61318-baa1-421f-b336-a1bf736aaec0"}
[debug] [2025-03-28T19:00:29.838Z] Checked if tokens are valid: true, expires at: 1743192025815
[debug] [2025-03-28T19:00:29.838Z] Checked if tokens are valid: true, expires at: 1743192025815
[debug] [2025-03-28T19:00:29.838Z] >>> [apiv2][query] GET https://firebasehosting.googleapis.com/v1beta1/projects/aether-study-timer/sites pageToken=&pageSize=10
[debug] [2025-03-28T19:00:30.535Z] <<< [apiv2][status] GET https://firebasehosting.googleapis.com/v1beta1/projects/aether-study-timer/sites 200
[debug] [2025-03-28T19:00:30.535Z] <<< [apiv2][body] GET https://firebasehosting.googleapis.com/v1beta1/projects/aether-study-timer/sites {"sites":[{"name":"projects/aether-study-timer/sites/aether-study-timer","defaultUrl":"https://aether-study-timer.web.app","appId":"1:796174542129:web:6a0dd814b7e74abfadfc10","type":"DEFAULT_SITE"}]}
[debug] [2025-03-28T19:00:30.535Z] Checked if tokens are valid: true, expires at: 1743192025815
[debug] [2025-03-28T19:00:30.535Z] Checked if tokens are valid: true, expires at: 1743192025815
[debug] [2025-03-28T19:00:30.535Z] >>> [apiv2][query] GET https://firebase.googleapis.com/v1beta1/projects/-/webApps/1:796174542129:web:6a0dd814b7e74abfadfc10/config [none]
[debug] [2025-03-28T19:00:31.213Z] <<< [apiv2][status] GET https://firebase.googleapis.com/v1beta1/projects/-/webApps/1:796174542129:web:6a0dd814b7e74abfadfc10/config 200
[debug] [2025-03-28T19:00:31.213Z] <<< [apiv2][body] GET https://firebase.googleapis.com/v1beta1/projects/-/webApps/1:796174542129:web:6a0dd814b7e74abfadfc10/config {"projectId":"aether-study-timer","appId":"1:796174542129:web:6a0dd814b7e74abfadfc10","databaseURL":"https://aether-study-timer-default-rtdb.firebaseio.com","storageBucket":"aether-study-timer.firebasestorage.app","apiKey":"AIzaSyCUnGuRb6vcdmE4ZqwwZ-1My1D09uIXUSA","authDomain":"aether-study-timer.firebaseapp.com","messagingSenderId":"796174542129","measurementId":"G-CQVWBY4XXF"}
[info] 
   Thank you for trying our early preview of Next.js support on Firebase Hosting.
   During the preview, support is best-effort and breaking changes can be expected. Proceed with caution.
   The integration is known to work with Next.js version 12 - 15.0. You may encounter errors.

   Documentation: https://firebase.google.com/docs/hosting/frameworks/nextjs
   File a bug: https://github.com/firebase/firebase-tools/issues/new?template=bug_report.md
   Submit a feature request: https://github.com/firebase/firebase-tools/issues/new?template=feature_request.md

   We'd love to learn from you. Express your interest in helping us shape the future of Firebase Hosting: https://goo.gle/41enW5X

[debug] [2025-03-28T19:00:34.951Z] Checked if tokens are valid: true, expires at: 1743192025815
[debug] [2025-03-28T19:00:34.951Z] Checked if tokens are valid: true, expires at: 1743192025815
[debug] [2025-03-28T19:00:34.951Z] >>> [apiv2][query] GET https://firebasehosting.googleapis.com/v1beta1/projects/aether-study-timer/sites/aether-study-timer [none]
[debug] [2025-03-28T19:00:35.329Z] <<< [apiv2][status] GET https://firebasehosting.googleapis.com/v1beta1/projects/aether-study-timer/sites/aether-study-timer 200
[debug] [2025-03-28T19:00:35.329Z] <<< [apiv2][body] GET https://firebasehosting.googleapis.com/v1beta1/projects/aether-study-timer/sites/aether-study-timer {"name":"projects/aether-study-timer/sites/aether-study-timer","defaultUrl":"https://aether-study-timer.web.app","appId":"1:796174542129:web:6a0dd814b7e74abfadfc10","type":"DEFAULT_SITE"}
[info]    ▲ Next.js 15.1.0

[info]    - Environments: .env.local
   - Experiments (use with caution):
     · webpackBuildWorker
     · parallelServerCompiles
     · parallelServerBuildTraces


[info]    Creating an optimized production build ...

[info]  ✓ Compiled successfully

[info]    Skipping validation of types

[info]    Skipping linting

[info]    Collecting page data ...

[info] unhandledRejection [Error [PageNotFoundError]: Cannot find module for page: /_document] {
  type: 'PageNotFoundError',
  code: 'ENOENT'
}

[debug] [2025-03-28T19:00:44.037Z] Error: ENOENT: no such file or directory, open 'C:\Users\Suyeon Park\projects\aether-study-timer\.next\export-marker.json'
[error] 
[error] Error: An unexpected error has occurred.
